// Jest Snapshot v1, https://goo.gl/fbAQLP

exports[`Authentication main Container Should render 1`] = `
<Authentication
  isLoggedIn={true}
  toggleUserProfileModal={[Function]}
  updateErrorMessage={[Function]}
/>
`;
