// Jest Snapshot v1, https://goo.gl/fbAQLP

exports[`Main App Component Renders 1`] = `
<Switch>
  <Route
    component={[Function]}
    path="/dashboard"
  />
</Switch>
`;
