// Jest Snapshot v1, https://goo.gl/fbAQLP

exports[`GameLog Container Should render 1`] = `
<GameLog
  gameLog="/* Game logs */"
  player1DebugLog=""
  player2DebugLog=""
  updateGameLog={[Function]}
/>
`;
