// Jest Snapshot v1, https://goo.gl/fbAQLP

exports[`Leaderboard Container Should render Leaderboard 1`] = `
<Leaderboard
  clearLeaderboard={[Function]}
  getLeaderboard={[Function]}
  loading={false}
  players={Array []}
/>
`;
