// Jest Snapshot v1, https://goo.gl/fbAQLP

exports[`Notification Container Should render Notification 1`] = `
<NotificationElement
  deleteNotification={[Function]}
  id={1}
  text="You have moved up a postion in leaderboard"
  title="Info!"
  type="INFO"
/>
`;
